Wed Sep 21 14:24:05 CDT 2022
/home/van/MacroMol_Modelling_Tutorial/03_rosettafold/Results00/test
/home/van/Programs/RoseTTAFold/bin
Picking final models
Final models saved in: /home/van/MacroMol_Modelling_Tutorial/03_rosettafold/Results00/test/model
Done
Wed Sep 21 14:25:06 CDT 2022
