- 21:17:24.684 INFO: Input file = /home/van/MacroMol_Modelling_Tutorial/03_rosettafold/Results00/test/hhblits/bax.0.1e-30.a3m

- 21:17:24.684 INFO: Output file = /home/van/MacroMol_Modelling_Tutorial/03_rosettafold/Results00/test/hhblits/bax.0.1e-30.id90cov75.a3m

- 21:17:24.743 INFO: Input file = /home/van/MacroMol_Modelling_Tutorial/03_rosettafold/Results00/test/hhblits/bax.0.1e-30.a3m

- 21:17:24.743 INFO: Output file = /home/van/MacroMol_Modelling_Tutorial/03_rosettafold/Results00/test/hhblits/bax.0.1e-30.id90cov50.a3m

- 21:19:59.631 INFO: Input file = /home/van/MacroMol_Modelling_Tutorial/03_rosettafold/Results00/test/hhblits/bax.0.1e-10.a3m

- 21:19:59.631 INFO: Output file = /home/van/MacroMol_Modelling_Tutorial/03_rosettafold/Results00/test/hhblits/bax.0.1e-10.id90cov75.a3m

- 21:19:59.815 INFO: Input file = /home/van/MacroMol_Modelling_Tutorial/03_rosettafold/Results00/test/hhblits/bax.0.1e-10.a3m

- 21:19:59.815 INFO: Output file = /home/van/MacroMol_Modelling_Tutorial/03_rosettafold/Results00/test/hhblits/bax.0.1e-10.id90cov50.a3m

- 21:21:35.938 INFO: Input file = /home/van/MacroMol_Modelling_Tutorial/03_rosettafold/Results00/test/hhblits/bax.0.1e-6.a3m

- 21:21:35.938 INFO: Output file = /home/van/MacroMol_Modelling_Tutorial/03_rosettafold/Results00/test/hhblits/bax.0.1e-6.id90cov75.a3m

- 21:21:36.241 INFO: Input file = /home/van/MacroMol_Modelling_Tutorial/03_rosettafold/Results00/test/hhblits/bax.0.1e-6.a3m

- 21:21:36.241 INFO: Output file = /home/van/MacroMol_Modelling_Tutorial/03_rosettafold/Results00/test/hhblits/bax.0.1e-6.id90cov50.a3m

- 21:23:39.744 INFO: Input file = /home/van/MacroMol_Modelling_Tutorial/03_rosettafold/Results00/test/hhblits/bax.0.1e-3.a3m

- 21:23:39.744 INFO: Output file = /home/van/MacroMol_Modelling_Tutorial/03_rosettafold/Results00/test/hhblits/bax.0.1e-3.id90cov75.a3m

- 21:23:40.194 INFO: Input file = /home/van/MacroMol_Modelling_Tutorial/03_rosettafold/Results00/test/hhblits/bax.0.1e-3.a3m

- 21:23:40.194 INFO: Output file = /home/van/MacroMol_Modelling_Tutorial/03_rosettafold/Results00/test/hhblits/bax.0.1e-3.id90cov50.a3m

- 22:02:24.914 INFO: Input file = /home/van/MacroMol_Modelling_Tutorial/03_rosettafold/Results00/test/hhblits/bax.1.1e-30.a3m

- 22:02:24.914 INFO: Output file = /home/van/MacroMol_Modelling_Tutorial/03_rosettafold/Results00/test/hhblits/bax.1.1e-30.id90cov75.a3m

- 22:02:25.071 INFO: Input file = /home/van/MacroMol_Modelling_Tutorial/03_rosettafold/Results00/test/hhblits/bax.1.1e-30.a3m

- 22:02:25.071 INFO: Output file = /home/van/MacroMol_Modelling_Tutorial/03_rosettafold/Results00/test/hhblits/bax.1.1e-30.id90cov50.a3m

- 22:12:07.577 INFO: Input file = /home/van/MacroMol_Modelling_Tutorial/03_rosettafold/Results00/test/hhblits/bax.1.1e-10.a3m

- 22:12:07.577 INFO: Output file = /home/van/MacroMol_Modelling_Tutorial/03_rosettafold/Results00/test/hhblits/bax.1.1e-10.id90cov75.a3m

