/ourdisk/hpc/ccats/dont_archive/van/.Programs/miniconda3/envs/RoseTTAFold/share/psipred_4.01/data
Reading CRF from K4000.crf ...
Adding cs-pseudocounts ...
Effective number of sequences exp(entropy) = 11.47
Wrote profile with 192 columns as checkpoint file to bax.tmp.chk
